================================================================================
MODULE:      a03_index_weights
SCRIPT:      a03_index_weights.py
STAGE:       Stage 2
COMMAND:     python analysis/a03_index_weights.py
================================================================================

INFO    a03 \u2502 catchment rows 186; opportunity incidence cached_from_a03_index_csv
INFO    a03 \u2502 euclid: rho(Pop,POI) Pearson 0.878 (p=9.3e-61), Spearman 0.909; weights equal 0.50/0.50 entropy 0.37/0.63 pca 0.50/0.50
INFO    a03 \u2502 net: rho(Pop,POI) Pearson 0.892 (p=2e-65), Spearman 0.891; weights equal 0.50/0.50 entropy 0.37/0.63 pca 0.50/0.50
INFO    a03 \u2502 opportunity gravity: 22165 POI-route incidences Euclidean vs 11402 network (median route overstatement 48.9%)
INFO    a03 \u2502 stability euclid: equal vs entropy         gate 97.8% (k=0.949)  band 89.2% (k=0.821)  rho(CDI)=0.9985
INFO    a03 \u2502 stability euclid: equal vs pca             gate 100.0% (k=1.000)  band 100.0% (k=1.000)  rho(CDI)=1.0000
INFO    a03 \u2502 stability net: equal vs entropy            gate 98.9% (k=0.974)  band 99.5% (k=0.991)  rho(CDI)=0.9981
INFO    a03 \u2502 stability net: equal vs pca                gate 100.0% (k=1.000)  band 100.0% (k=1.000)  rho(CDI)=1.0000
INFO    a03 \u2502 stability equal: Euclidean vs network      gate 96.8% (k=0.923)  band 90.3% (k=0.839)  rho(CDI)=0.9935
INFO    a03 \u2502 stability entropy: Euclidean vs network    gate 96.8% (k=0.923)  band 93.0% (k=0.878)  rho(CDI)=0.9934
INFO    a03 \u2502 stability pca: Euclidean vs network        gate 96.8% (k=0.923)  band 90.3% (k=0.839)  rho(CDI)=0.9935

================================================================================
EXIT CODE:   0
STATUS:      PASSED
VERIFIED:    2/2 outputs
================================================================================
