================================================================================
MODULE:      a04_class_count
SCRIPT:      a04_class_count.py
STAGE:       Stage 2
COMMAND:     python analysis/a04_class_count.py
================================================================================

INFO    a04 \u2502 index rows 186 from a03_index.csv
INFO    a04 \u2502 cdi_net_equal: GVF k2=0.7855 k3=0.9023 k4=0.9331 k5=0.9582 k6=0.9702 k7=0.9775
INFO    a04 \u2502 cdi_net_equal: exact  k2=0.7855 k3=0.9023 k4=0.9331 k5=0.9582 k6=0.9702 k7=0.9775
INFO    a04 \u2502 cdi_net_equal: Rule A (first GVF>0.80) k=3 | Rule B (max d2GVF) k=3 | agree=True -> k=3
INFO    a04 \u2502 cdi_net_entropy: GVF k2=0.7771 k3=0.8984 k4=0.9278 k5=0.9520 k6=0.9679 k7=0.9759
INFO    a04 \u2502 cdi_net_entropy: exact  k2=0.7771 k3=0.8984 k4=0.9278 k5=0.9520 k6=0.9679 k7=0.9759
INFO    a04 \u2502 cdi_net_entropy: Rule A (first GVF>0.80) k=3 | Rule B (max d2GVF) k=3 | agree=True -> k=3
INFO    a04 \u2502 cdi_net_pca: GVF k2=0.7855 k3=0.9023 k4=0.9331 k5=0.9582 k6=0.9702 k7=0.9775
INFO    a04 \u2502 cdi_net_pca: exact  k2=0.7855 k3=0.9023 k4=0.9331 k5=0.9582 k6=0.9702 k7=0.9775
INFO    a04 \u2502 cdi_net_pca: Rule A (first GVF>0.80) k=3 | Rule B (max d2GVF) k=3 | agree=True -> k=3
INFO    a04 \u2502 chosen k = 3 on cdi_net_equal; robustness weightings choose {'cdi_net_entropy': 3, 'cdi_net_pca': 3}
INFO    a04 \u2502 k=3 jenks          GVF=0.9023 sizes=[108, 41, 37]
INFO    a04 \u2502 k=3 quantile       GVF=0.8425 sizes=[62, 62, 62]
INFO    a04 \u2502 k=3 kmeans         GVF=0.9023 sizes=[108, 41, 37]
INFO    a04 \u2502 k=3 equal_interval GVF=0.8719 sizes=[117, 49, 20]
INFO    a04 \u2502 jenkspy attains the exact Jenks optimum at k=3
INFO    a04 \u2502 kappa jenks__vs__quantile                0.4274  (exact agreement 61.8%)
INFO    a04 \u2502 kappa jenks__vs__kmeans                  1.0000  (exact agreement 100.0%)
INFO    a04 \u2502 kappa kmeans__vs__quantile               0.4274  (exact agreement 61.8%)
INFO    a04 \u2502 kappa equal_interval__vs__jenks          0.7483  (exact agreement 86.0%)
INFO    a04 \u2502 kappa equal_interval__vs__quantile       0.2177  (exact agreement 47.8%)
INFO    a04 \u2502 kappa equal_interval__vs__kmeans         0.7483  (exact agreement 86.0%)
INFO    a04 \u2502 vs published Priority_Band: agreement 68.3% kappa 0.5034
INFO    a04 \u2502 published vs objective: 127/186 = 68.3% (kappa 0.503); 20 of 55 HP routes in the lowest objective tier (20 explained by the SSCL lock)
INFO    a04 \u2502 tier sizes at k=3: {'Tier 3': 108, 'Tier 2': 41, 'Tier 1': 37}
INFO    a04 \u2502 wrote a04_class_count.json, a04_route_tiers.csv, table05_class_count, table05b_classifier_agreement, table05c_published_vs_objective

================================================================================
EXIT CODE:   0
STATUS:      PASSED
VERIFIED:    4/4 outputs
================================================================================
