================================================================================
MODULE:      a11_coverage_accessibility
SCRIPT:      a11_coverage_accessibility.py
STAGE:       Stage 3
COMMAND:     python analysis/a11_coverage_accessibility.py
================================================================================

INFO    a11 \u2502 inputs: 186 network catchments, 186 active routes, 10 districts
INFO    a11 \u2502 RECONCILED: any-service coverage recomputed at 24.19% vs established 24.2% (drift -0.01 pp, within +-0.5 pp)
INFO    a11 \u2502   <= 15 min                 30 routes -> 687,629 (10.44%)
INFO    a11 \u2502   <= 20 min                 55 routes -> 804,175 (12.21%)
INFO    a11 \u2502   <= 35 min                124 routes -> 1,263,222 (19.18%)
INFO    a11 \u2502   any service (all active) 186 routes -> 1,592,847 (24.19%)
INFO    a11 \u2502 surface: study-area WorldPop 6,584,762 inside union; covered 1,592,847; uncovered 4,991,916 (75.8% of study area unserved)
INFO    a11 \u2502 lattice h=2 km: 4200 cells over union; 3526 with residents; uncovered captured 4,991,916
INFO    a11 \u2502 lattice h=5 km: 711 cells over union; 670 with residents; uncovered captured 4,991,916
INFO    a11 \u2502 MORAN (primary, uncovered pop, full lattice h=2 km): I=0.6639, E[I]=-0.0002, z=85.77, p_sim=0.0010 over 4200 cells -> CLUSTERED (policy-actionable)
INFO    a11 \u2502 done

================================================================================
EXIT CODE:   0
STATUS:      PASSED
VERIFIED:    3/3 outputs
================================================================================
